../Core/Src/main.c:94:5:main	1
../Core/Src/main.c:181:6:SystemClock_Config	3
../Core/Src/main.c:227:13:MX_ETH_Init	2
../Core/Src/main.c:276:13:MX_TIM2_Init	4
../Core/Src/main.c:321:13:MX_USART3_UART_Init	2
../Core/Src/main.c:354:13:MX_USB_OTG_FS_PCD_Init	2
../Core/Src/main.c:389:13:MX_GPIO_Init	1
../Core/Src/main.c:452:6:configureTimerForRunTimeStats	1
../Core/Src/main.c:457:15:getRunTimeCounterValue	1
../Core/Src/main.c:471:6:StartDefaultTask	1
../Core/Src/main.c:490:6:HAL_TIM_PeriodElapsedCallback	3
../Core/Src/main.c:512:6:Error_Handler	1
